mode: set
github.com/lock14/collections/labeledgraph/labeledgraph.go:22.21,23.25 1 1
github.com/lock14/collections/labeledgraph/labeledgraph.go:23.25,25.3 1 1
github.com/lock14/collections/labeledgraph/labeledgraph.go:29.26,30.25 1 1
github.com/lock14/collections/labeledgraph/labeledgraph.go:30.25,32.3 1 1
github.com/lock14/collections/labeledgraph/labeledgraph.go:44.64,46.27 2 1
github.com/lock14/collections/labeledgraph/labeledgraph.go:46.27,48.3 1 1
github.com/lock14/collections/labeledgraph/labeledgraph.go:49.2,53.3 1 1
github.com/lock14/collections/labeledgraph/labeledgraph.go:57.55,60.2 2 1
github.com/lock14/collections/labeledgraph/labeledgraph.go:63.45,64.26 1 1
github.com/lock14/collections/labeledgraph/labeledgraph.go:64.26,66.3 1 1
github.com/lock14/collections/labeledgraph/labeledgraph.go:70.48,71.25 1 1
github.com/lock14/collections/labeledgraph/labeledgraph.go:71.25,72.17 1 1
github.com/lock14/collections/labeledgraph/labeledgraph.go:72.17,75.28 3 1
github.com/lock14/collections/labeledgraph/labeledgraph.go:75.28,77.5 1 1
github.com/lock14/collections/labeledgraph/labeledgraph.go:78.9,80.4 1 1
github.com/lock14/collections/labeledgraph/labeledgraph.go:82.3,82.44 1 1
github.com/lock14/collections/labeledgraph/labeledgraph.go:82.44,84.4 1 1
github.com/lock14/collections/labeledgraph/labeledgraph.go:85.3,85.42 1 1
github.com/lock14/collections/labeledgraph/labeledgraph.go:85.42,87.4 1 1
github.com/lock14/collections/labeledgraph/labeledgraph.go:88.3,88.21 1 1
github.com/lock14/collections/labeledgraph/labeledgraph.go:93.56,97.2 1 1
github.com/lock14/collections/labeledgraph/labeledgraph.go:100.51,103.27 3 1
github.com/lock14/collections/labeledgraph/labeledgraph.go:103.27,105.3 1 1
github.com/lock14/collections/labeledgraph/labeledgraph.go:106.2,107.33 2 1
github.com/lock14/collections/labeledgraph/labeledgraph.go:111.49,112.26 1 1
github.com/lock14/collections/labeledgraph/labeledgraph.go:112.26,116.3 3 1
github.com/lock14/collections/labeledgraph/labeledgraph.go:120.56,121.26 1 1
github.com/lock14/collections/labeledgraph/labeledgraph.go:121.26,124.3 2 1
github.com/lock14/collections/labeledgraph/labeledgraph.go:128.46,130.2 1 1
github.com/lock14/collections/labeledgraph/labeledgraph.go:133.42,135.2 1 1
github.com/lock14/collections/labeledgraph/labeledgraph.go:138.41,140.2 1 1
github.com/lock14/collections/labeledgraph/labeledgraph.go:144.54,147.25 3 1
github.com/lock14/collections/labeledgraph/labeledgraph.go:147.25,149.3 1 1
github.com/lock14/collections/labeledgraph/labeledgraph.go:150.2,150.14 1 1
github.com/lock14/collections/labeledgraph/labeledgraph.go:158.54,159.16 1 1
github.com/lock14/collections/labeledgraph/labeledgraph.go:159.16,162.26 3 1
github.com/lock14/collections/labeledgraph/labeledgraph.go:162.26,165.4 2 1
github.com/lock14/collections/labeledgraph/labeledgraph.go:166.3,166.20 1 1
github.com/lock14/collections/labeledgraph/labeledgraph.go:167.8,169.3 1 1
github.com/lock14/collections/labeledgraph/labeledgraph.go:174.56,177.25 3 1
github.com/lock14/collections/labeledgraph/labeledgraph.go:177.25,180.3 2 1
github.com/lock14/collections/labeledgraph/labeledgraph.go:181.2,181.19 1 1
github.com/lock14/collections/labeledgraph/labeledgraph.go:187.57,190.25 3 1
github.com/lock14/collections/labeledgraph/labeledgraph.go:190.25,193.3 2 1
github.com/lock14/collections/labeledgraph/labeledgraph.go:194.2,194.19 1 1
github.com/lock14/collections/labeledgraph/labeledgraph.go:198.53,200.2 1 1
github.com/lock14/collections/labeledgraph/labeledgraph.go:203.57,205.2 1 1
github.com/lock14/collections/labeledgraph/labeledgraph.go:212.58,213.34 1 1
github.com/lock14/collections/labeledgraph/labeledgraph.go:213.34,214.26 1 1
github.com/lock14/collections/labeledgraph/labeledgraph.go:214.26,215.43 1 1
github.com/lock14/collections/labeledgraph/labeledgraph.go:215.43,216.18 1 1
github.com/lock14/collections/labeledgraph/labeledgraph.go:216.18,218.6 1 1
github.com/lock14/collections/labeledgraph/labeledgraph.go:229.60,230.34 1 1
github.com/lock14/collections/labeledgraph/labeledgraph.go:230.34,231.26 1 1
github.com/lock14/collections/labeledgraph/labeledgraph.go:231.26,232.45 1 1
github.com/lock14/collections/labeledgraph/labeledgraph.go:232.45,233.18 1 1
github.com/lock14/collections/labeledgraph/labeledgraph.go:233.18,235.6 1 1
github.com/lock14/collections/labeledgraph/labeledgraph.go:242.54,243.37 1 1
github.com/lock14/collections/labeledgraph/labeledgraph.go:243.37,244.32 1 1
github.com/lock14/collections/labeledgraph/labeledgraph.go:244.32,245.18 1 1
github.com/lock14/collections/labeledgraph/labeledgraph.go:245.18,247.42 2 1
github.com/lock14/collections/labeledgraph/labeledgraph.go:247.42,248.22 1 1
github.com/lock14/collections/labeledgraph/labeledgraph.go:248.22,250.7 1 0
github.com/lock14/collections/labeledgraph/labeledgraph.go:252.10,254.41 2 1
github.com/lock14/collections/labeledgraph/labeledgraph.go:254.41,255.22 1 1
github.com/lock14/collections/labeledgraph/labeledgraph.go:255.22,257.7 1 1
github.com/lock14/collections/labeledgraph/labeledgraph.go:268.65,269.16 1 1
github.com/lock14/collections/labeledgraph/labeledgraph.go:269.16,270.38 1 1
github.com/lock14/collections/labeledgraph/labeledgraph.go:270.38,271.43 1 1
github.com/lock14/collections/labeledgraph/labeledgraph.go:271.43,272.21 1 1
github.com/lock14/collections/labeledgraph/labeledgraph.go:272.21,274.6 1 0
github.com/lock14/collections/labeledgraph/labeledgraph.go:276.4,276.44 1 1
github.com/lock14/collections/labeledgraph/labeledgraph.go:276.44,277.21 1 1
github.com/lock14/collections/labeledgraph/labeledgraph.go:277.21,279.6 1 0
github.com/lock14/collections/labeledgraph/labeledgraph.go:282.8,284.3 1 1
github.com/lock14/collections/labeledgraph/labeledgraph.go:291.67,292.37 1 1
github.com/lock14/collections/labeledgraph/labeledgraph.go:292.37,293.36 1 1
github.com/lock14/collections/labeledgraph/labeledgraph.go:293.36,294.20 1 1
github.com/lock14/collections/labeledgraph/labeledgraph.go:294.20,296.5 1 1
github.com/lock14/collections/labeledgraph/labeledgraph.go:305.68,306.37 1 1
github.com/lock14/collections/labeledgraph/labeledgraph.go:306.37,307.34 1 1
github.com/lock14/collections/labeledgraph/labeledgraph.go:307.34,308.20 1 1
github.com/lock14/collections/labeledgraph/labeledgraph.go:308.20,310.5 1 1
github.com/lock14/collections/labeledgraph/labeledgraph.go:316.38,319.2 2 1
github.com/lock14/collections/labeledgraph/labeledgraph.go:322.58,329.31 2 1
github.com/lock14/collections/labeledgraph/labeledgraph.go:329.31,330.17 1 1
github.com/lock14/collections/labeledgraph/labeledgraph.go:330.17,333.44 3 1
github.com/lock14/collections/labeledgraph/labeledgraph.go:333.44,335.5 1 1
github.com/lock14/collections/labeledgraph/labeledgraph.go:336.4,337.37 2 1
github.com/lock14/collections/labeledgraph/labeledgraph.go:337.37,339.5 1 1
github.com/lock14/collections/labeledgraph/labeledgraph.go:340.4,343.5 1 1
github.com/lock14/collections/labeledgraph/labeledgraph.go:344.9,347.43 3 1
github.com/lock14/collections/labeledgraph/labeledgraph.go:347.43,349.5 1 1
github.com/lock14/collections/labeledgraph/labeledgraph.go:350.4,352.5 1 1
github.com/lock14/collections/labeledgraph/labeledgraph.go:355.2,355.14 1 1
github.com/lock14/collections/labeledgraph/labeledgraph.go:359.88,360.92 1 1
github.com/lock14/collections/labeledgraph/labeledgraph.go:360.92,362.3 1 1
github.com/lock14/collections/labeledgraph/labeledgraph.go:364.2,364.30 1 1
github.com/lock14/collections/labeledgraph/labeledgraph.go:364.30,365.31 1 1
github.com/lock14/collections/labeledgraph/labeledgraph.go:365.31,367.4 1 1
github.com/lock14/collections/labeledgraph/labeledgraph.go:370.2,370.30 1 1
github.com/lock14/collections/labeledgraph/labeledgraph.go:370.30,371.32 1 1
github.com/lock14/collections/labeledgraph/labeledgraph.go:371.32,373.4 1 0
github.com/lock14/collections/labeledgraph/labeledgraph.go:374.3,376.18 3 1
github.com/lock14/collections/labeledgraph/labeledgraph.go:376.18,378.4 1 0
github.com/lock14/collections/labeledgraph/labeledgraph.go:381.2,381.13 1 1
github.com/lock14/collections/labeledgraph/labeledgraph.go:385.46,393.30 6 1
github.com/lock14/collections/labeledgraph/labeledgraph.go:393.30,394.18 1 1
github.com/lock14/collections/labeledgraph/labeledgraph.go:394.18,395.52 1 1
github.com/lock14/collections/labeledgraph/labeledgraph.go:395.52,396.13 1 1
github.com/lock14/collections/labeledgraph/labeledgraph.go:398.4,398.31 1 1
github.com/lock14/collections/labeledgraph/labeledgraph.go:401.3,401.13 1 1
github.com/lock14/collections/labeledgraph/labeledgraph.go:401.13,403.4 1 0
github.com/lock14/collections/labeledgraph/labeledgraph.go:404.3,405.17 2 1
github.com/lock14/collections/labeledgraph/labeledgraph.go:405.17,407.4 1 1
github.com/lock14/collections/labeledgraph/labeledgraph.go:407.9,409.4 1 1
github.com/lock14/collections/labeledgraph/labeledgraph.go:410.3,410.16 1 1
github.com/lock14/collections/labeledgraph/labeledgraph.go:413.2,413.30 1 1
github.com/lock14/collections/labeledgraph/labeledgraph.go:413.30,415.15 2 1
github.com/lock14/collections/labeledgraph/labeledgraph.go:415.15,416.14 1 1
github.com/lock14/collections/labeledgraph/labeledgraph.go:416.14,418.5 1 1
github.com/lock14/collections/labeledgraph/labeledgraph.go:419.4,420.17 2 1
github.com/lock14/collections/labeledgraph/labeledgraph.go:424.2,425.20 2 1
github.com/lock14/collections/labeledgraph/labeledgraph.go:428.56,429.16 1 1
github.com/lock14/collections/labeledgraph/labeledgraph.go:429.16,434.3 1 1
github.com/lock14/collections/labeledgraph/labeledgraph.go:434.8,438.3 1 1
github.com/lock14/collections/labeledgraph/labeledgraph.go:441.30,445.2 1 1
github.com/lock14/collections/labeledgraph/labeledgraph.go:468.59,471.2 1 1
github.com/lock14/collections/labeledgraph/labeledgraph.go:473.57,475.2 1 1
github.com/lock14/collections/labeledgraph/labeledgraph.go:477.64,479.2 1 1
github.com/lock14/collections/labeledgraph/labeledgraph.go:481.62,484.2 2 1
github.com/lock14/collections/labeledgraph/labeledgraph.go:486.49,488.2 1 1
github.com/lock14/collections/labeledgraph/labeledgraph.go:490.55,493.2 2 1
github.com/lock14/collections/labeledgraph/labeledgraph.go:495.50,497.2 1 1
github.com/lock14/collections/labeledgraph/labeledgraph.go:499.61,501.2 1 1
github.com/lock14/collections/labeledgraph/labeledgraph.go:503.57,505.2 1 1
github.com/lock14/collections/labeledgraph/labeledgraph.go:507.55,509.2 1 1
github.com/lock14/collections/labeledgraph/labeledgraph.go:511.69,513.2 0 1
github.com/lock14/collections/labeledgraph/labeledgraph.go:515.66,517.2 1 1
github.com/lock14/collections/labeledgraph/labeledgraph.go:519.59,521.2 1 1
github.com/lock14/collections/labeledgraph/labeledgraph.go:527.61,529.2 1 1
github.com/lock14/collections/labeledgraph/labeledgraph.go:531.59,533.2 1 1
github.com/lock14/collections/labeledgraph/labeledgraph.go:535.66,537.2 1 1
github.com/lock14/collections/labeledgraph/labeledgraph.go:539.64,542.2 2 1
github.com/lock14/collections/labeledgraph/labeledgraph.go:544.51,546.2 1 1
github.com/lock14/collections/labeledgraph/labeledgraph.go:548.57,551.2 2 1
github.com/lock14/collections/labeledgraph/labeledgraph.go:553.52,555.2 1 1
github.com/lock14/collections/labeledgraph/labeledgraph.go:557.63,559.2 1 1
github.com/lock14/collections/labeledgraph/labeledgraph.go:561.59,563.2 1 1
github.com/lock14/collections/labeledgraph/labeledgraph.go:565.57,567.2 1 1
github.com/lock14/collections/labeledgraph/labeledgraph.go:569.70,571.2 1 1
github.com/lock14/collections/labeledgraph/labeledgraph.go:573.68,575.2 1 1
github.com/lock14/collections/labeledgraph/labeledgraph.go:577.61,579.2 1 1
