mode: set
github.com/lock14/collections/bitset/bitset.go:37.28,38.25 1 1
github.com/lock14/collections/bitset/bitset.go:38.25,40.3 1 1
github.com/lock14/collections/bitset/bitset.go:47.34,49.30 2 1
github.com/lock14/collections/bitset/bitset.go:49.30,51.3 1 1
github.com/lock14/collections/bitset/bitset.go:52.2,57.3 2 1
github.com/lock14/collections/bitset/bitset.go:61.36,63.29 2 1
github.com/lock14/collections/bitset/bitset.go:63.29,65.3 1 1
github.com/lock14/collections/bitset/bitset.go:66.2,66.35 1 1
github.com/lock14/collections/bitset/bitset.go:66.35,67.19 1 1
github.com/lock14/collections/bitset/bitset.go:67.19,69.4 1 1
github.com/lock14/collections/bitset/bitset.go:70.3,71.54 2 1
github.com/lock14/collections/bitset/bitset.go:71.54,73.4 1 1
github.com/lock14/collections/bitset/bitset.go:78.34,81.35 3 1
github.com/lock14/collections/bitset/bitset.go:81.35,82.19 1 1
github.com/lock14/collections/bitset/bitset.go:82.19,84.4 1 1
github.com/lock14/collections/bitset/bitset.go:85.3,86.31 2 1
github.com/lock14/collections/bitset/bitset.go:86.31,88.4 1 1
github.com/lock14/collections/bitset/bitset.go:93.39,95.29 2 1
github.com/lock14/collections/bitset/bitset.go:95.29,97.3 1 1
github.com/lock14/collections/bitset/bitset.go:98.2,98.38 1 1
github.com/lock14/collections/bitset/bitset.go:102.33,104.2 1 1
github.com/lock14/collections/bitset/bitset.go:107.29,108.18 1 1
github.com/lock14/collections/bitset/bitset.go:108.18,110.3 1 1
github.com/lock14/collections/bitset/bitset.go:111.2,111.15 1 1
github.com/lock14/collections/bitset/bitset.go:117.31,118.25 1 1
github.com/lock14/collections/bitset/bitset.go:118.25,120.3 1 1
github.com/lock14/collections/bitset/bitset.go:121.2,121.97 1 1
github.com/lock14/collections/bitset/bitset.go:126.25,127.35 1 1
github.com/lock14/collections/bitset/bitset.go:127.35,129.3 1 1
github.com/lock14/collections/bitset/bitset.go:130.2,131.13 2 1
github.com/lock14/collections/bitset/bitset.go:136.48,139.25 3 1
github.com/lock14/collections/bitset/bitset.go:139.25,141.3 1 1
github.com/lock14/collections/bitset/bitset.go:143.2,146.28 3 1
github.com/lock14/collections/bitset/bitset.go:146.28,154.3 6 1
github.com/lock14/collections/bitset/bitset.go:154.8,162.46 5 1
github.com/lock14/collections/bitset/bitset.go:162.46,164.4 1 1
github.com/lock14/collections/bitset/bitset.go:166.3,166.26 1 1
github.com/lock14/collections/bitset/bitset.go:166.26,172.4 4 1
github.com/lock14/collections/bitset/bitset.go:174.2,175.13 2 1
github.com/lock14/collections/bitset/bitset.go:179.38,182.37 3 1
github.com/lock14/collections/bitset/bitset.go:182.37,184.46 2 1
github.com/lock14/collections/bitset/bitset.go:184.46,188.4 3 1
github.com/lock14/collections/bitset/bitset.go:189.3,190.6 2 1
github.com/lock14/collections/bitset/bitset.go:192.2,194.10 3 1
github.com/lock14/collections/bitset/bitset.go:198.35,200.12 2 1
github.com/lock14/collections/bitset/bitset.go:200.12,202.3 1 1
github.com/lock14/collections/bitset/bitset.go:203.2,204.49 2 1
github.com/lock14/collections/bitset/bitset.go:204.49,206.3 1 1
github.com/lock14/collections/bitset/bitset.go:207.2,209.27 3 1
github.com/lock14/collections/bitset/bitset.go:209.27,210.26 1 1
github.com/lock14/collections/bitset/bitset.go:210.26,213.4 2 1
github.com/lock14/collections/bitset/bitset.go:215.2,215.49 1 1
github.com/lock14/collections/bitset/bitset.go:215.49,218.3 2 1
github.com/lock14/collections/bitset/bitset.go:219.2,219.14 1 1
github.com/lock14/collections/bitset/bitset.go:223.34,225.30 2 1
github.com/lock14/collections/bitset/bitset.go:225.30,227.3 1 1
github.com/lock14/collections/bitset/bitset.go:228.2,228.28 1 1
github.com/lock14/collections/bitset/bitset.go:233.42,234.36 1 1
github.com/lock14/collections/bitset/bitset.go:234.36,235.39 1 1
github.com/lock14/collections/bitset/bitset.go:235.39,237.18 2 1
github.com/lock14/collections/bitset/bitset.go:237.18,239.32 2 1
github.com/lock14/collections/bitset/bitset.go:239.32,241.6 1 1
github.com/lock14/collections/bitset/bitset.go:242.5,242.21 1 1
github.com/lock14/collections/bitset/bitset.go:248.34,251.2 2 1
github.com/lock14/collections/bitset/bitset.go:253.30,257.2 1 1
github.com/lock14/collections/bitset/bitset.go:259.40,260.26 1 1
github.com/lock14/collections/bitset/bitset.go:260.26,264.3 3 1
github.com/lock14/collections/bitset/bitset.go:267.40,268.40 1 1
github.com/lock14/collections/bitset/bitset.go:268.40,269.21 1 1
github.com/lock14/collections/bitset/bitset.go:269.21,271.4 1 1
github.com/lock14/collections/bitset/bitset.go:273.2,273.11 1 1
github.com/lock14/collections/bitset/bitset.go:276.31,277.11 1 1
github.com/lock14/collections/bitset/bitset.go:277.11,278.66 1 1
github.com/lock14/collections/bitset/bitset.go:282.34,284.38 2 1
github.com/lock14/collections/bitset/bitset.go:284.38,286.3 1 1
github.com/lock14/collections/bitset/bitset.go:287.2,287.15 1 1
github.com/lock14/collections/bitset/bitset.go:291.29,293.2 1 1
github.com/lock14/collections/bitset/bitset.go:296.39,298.2 1 1
github.com/lock14/collections/bitset/bitset.go:301.39,303.2 1 1
github.com/lock14/collections/bitset/bitset.go:306.31,308.2 1 1
github.com/lock14/collections/bitset/bitset.go:311.38,313.2 1 1
github.com/lock14/collections/bitset/bitset.go:316.26,320.2 3 1
github.com/lock14/collections/bitset/bitset.go:323.31,324.17 1 1
github.com/lock14/collections/bitset/bitset.go:324.17,325.33 1 1
github.com/lock14/collections/bitset/bitset.go:327.2,327.38 1 1
github.com/lock14/collections/bitset/bitset.go:327.38,328.21 1 1
github.com/lock14/collections/bitset/bitset.go:328.21,333.4 4 1
github.com/lock14/collections/bitset/bitset.go:335.2,335.43 1 1
github.com/lock14/collections/bitset/bitset.go:339.44,340.21 1 1
github.com/lock14/collections/bitset/bitset.go:340.21,342.3 1 1
github.com/lock14/collections/bitset/bitset.go:346.61,347.36 1 1
github.com/lock14/collections/bitset/bitset.go:347.36,348.65 1 1
github.com/lock14/collections/bitset/bitset.go:348.65,350.4 1 1
github.com/lock14/collections/bitset/bitset.go:351.3,353.9 3 1
github.com/lock14/collections/bitset/bitset.go:355.2,355.27 1 1
github.com/lock14/collections/bitset/bitset.go:355.27,357.3 1 1
github.com/lock14/collections/bitset/bitset.go:361.61,362.36 1 1
github.com/lock14/collections/bitset/bitset.go:362.36,363.39 1 1
github.com/lock14/collections/bitset/bitset.go:363.39,364.30 1 1
github.com/lock14/collections/bitset/bitset.go:364.30,366.5 1 1
github.com/lock14/collections/bitset/bitset.go:366.10,368.5 1 1
github.com/lock14/collections/bitset/bitset.go:370.3,372.9 3 1
github.com/lock14/collections/bitset/bitset.go:374.2,374.47 1 1
github.com/lock14/collections/bitset/bitset.go:374.47,375.26 1 1
github.com/lock14/collections/bitset/bitset.go:375.26,376.24 1 1
github.com/lock14/collections/bitset/bitset.go:376.24,378.5 1 1
github.com/lock14/collections/bitset/bitset.go:380.3,380.9 1 1
github.com/lock14/collections/bitset/bitset.go:384.2,385.27 2 1
github.com/lock14/collections/bitset/bitset.go:385.27,386.20 1 1
github.com/lock14/collections/bitset/bitset.go:386.20,388.4 1 1
github.com/lock14/collections/bitset/bitset.go:390.2,392.20 3 1
github.com/lock14/collections/bitset/bitset.go:396.68,397.36 1 1
github.com/lock14/collections/bitset/bitset.go:397.36,398.43 1 1
github.com/lock14/collections/bitset/bitset.go:398.43,399.27 1 1
github.com/lock14/collections/bitset/bitset.go:399.27,400.27 1 1
github.com/lock14/collections/bitset/bitset.go:400.27,402.6 1 1
github.com/lock14/collections/bitset/bitset.go:403.10,403.59 1 1
github.com/lock14/collections/bitset/bitset.go:403.59,405.5 1 1
github.com/lock14/collections/bitset/bitset.go:407.3,407.14 1 1
github.com/lock14/collections/bitset/bitset.go:409.2,409.27 1 1
github.com/lock14/collections/bitset/bitset.go:409.27,410.21 1 1
github.com/lock14/collections/bitset/bitset.go:410.21,412.4 1 1
github.com/lock14/collections/bitset/bitset.go:414.2,414.13 1 1
github.com/lock14/collections/bitset/bitset.go:417.38,418.15 1 1
github.com/lock14/collections/bitset/bitset.go:418.15,420.3 1 1
github.com/lock14/collections/bitset/bitset.go:421.2,421.38 1 1
github.com/lock14/collections/bitset/bitset.go:421.38,422.21 1 1
github.com/lock14/collections/bitset/bitset.go:422.21,425.4 2 1
github.com/lock14/collections/bitset/bitset.go:427.2,427.17 1 0
github.com/lock14/collections/bitset/bitset.go:430.37,431.15 1 1
github.com/lock14/collections/bitset/bitset.go:431.15,433.3 1 1
github.com/lock14/collections/bitset/bitset.go:434.2,434.43 1 1
github.com/lock14/collections/bitset/bitset.go:434.43,435.21 1 1
github.com/lock14/collections/bitset/bitset.go:435.21,438.4 2 1
github.com/lock14/collections/bitset/bitset.go:440.2,440.17 1 0
github.com/lock14/collections/bitset/bitset.go:443.42,445.8 2 1
github.com/lock14/collections/bitset/bitset.go:445.8,447.3 1 1
github.com/lock14/collections/bitset/bitset.go:448.2,448.14 1 1
github.com/lock14/collections/bitset/bitset.go:451.41,453.8 2 1
github.com/lock14/collections/bitset/bitset.go:453.8,455.3 1 1
github.com/lock14/collections/bitset/bitset.go:456.2,456.14 1 1
github.com/lock14/collections/bitset/bitset.go:459.34,460.49 1 1
github.com/lock14/collections/bitset/bitset.go:463.33,464.48 1 1
github.com/lock14/collections/bitset/bitset.go:467.43,468.12 1 1
github.com/lock14/collections/bitset/bitset.go:468.12,470.3 1 0
github.com/lock14/collections/bitset/bitset.go:471.2,472.29 2 1
github.com/lock14/collections/bitset/bitset.go:472.29,474.3 1 1
github.com/lock14/collections/bitset/bitset.go:476.2,477.27 2 1
github.com/lock14/collections/bitset/bitset.go:477.27,479.3 1 0
github.com/lock14/collections/bitset/bitset.go:479.8,481.3 1 1
github.com/lock14/collections/bitset/bitset.go:483.2,484.12 2 1
github.com/lock14/collections/bitset/bitset.go:484.12,487.3 2 1
github.com/lock14/collections/bitset/bitset.go:489.2,489.34 1 1
github.com/lock14/collections/bitset/bitset.go:489.34,490.21 1 0
github.com/lock14/collections/bitset/bitset.go:490.21,493.4 2 0
github.com/lock14/collections/bitset/bitset.go:495.2,495.17 1 1
github.com/lock14/collections/bitset/bitset.go:498.43,499.11 1 1
github.com/lock14/collections/bitset/bitset.go:499.11,501.3 1 0
github.com/lock14/collections/bitset/bitset.go:502.2,503.29 2 1
github.com/lock14/collections/bitset/bitset.go:503.29,505.3 1 0
github.com/lock14/collections/bitset/bitset.go:507.2,508.27 2 1
github.com/lock14/collections/bitset/bitset.go:508.27,510.3 1 0
github.com/lock14/collections/bitset/bitset.go:510.8,512.3 1 1
github.com/lock14/collections/bitset/bitset.go:514.2,515.12 2 1
github.com/lock14/collections/bitset/bitset.go:515.12,518.3 2 1
github.com/lock14/collections/bitset/bitset.go:520.2,520.34 1 1
github.com/lock14/collections/bitset/bitset.go:520.34,521.21 1 0
github.com/lock14/collections/bitset/bitset.go:521.21,524.4 2 0
github.com/lock14/collections/bitset/bitset.go:526.2,526.17 1 1
github.com/lock14/collections/bitset/bitset.go:529.45,530.11 1 1
github.com/lock14/collections/bitset/bitset.go:530.11,532.3 1 0
github.com/lock14/collections/bitset/bitset.go:533.2,534.29 2 1
github.com/lock14/collections/bitset/bitset.go:534.29,536.3 1 0
github.com/lock14/collections/bitset/bitset.go:538.2,540.12 3 1
github.com/lock14/collections/bitset/bitset.go:540.12,543.3 2 1
github.com/lock14/collections/bitset/bitset.go:545.2,545.46 1 1
github.com/lock14/collections/bitset/bitset.go:545.46,546.21 1 0
github.com/lock14/collections/bitset/bitset.go:546.21,549.4 2 0
github.com/lock14/collections/bitset/bitset.go:551.2,551.17 1 1
github.com/lock14/collections/bitset/bitset.go:554.44,555.11 1 1
github.com/lock14/collections/bitset/bitset.go:555.11,557.3 1 0
github.com/lock14/collections/bitset/bitset.go:558.2,559.29 2 1
github.com/lock14/collections/bitset/bitset.go:559.29,561.3 1 0
github.com/lock14/collections/bitset/bitset.go:563.2,565.12 3 1
github.com/lock14/collections/bitset/bitset.go:565.12,568.3 2 1
github.com/lock14/collections/bitset/bitset.go:570.2,570.46 1 1
github.com/lock14/collections/bitset/bitset.go:570.46,571.21 1 0
github.com/lock14/collections/bitset/bitset.go:571.21,574.4 2 0
github.com/lock14/collections/bitset/bitset.go:576.2,576.17 1 1
github.com/lock14/collections/bitset/bitset.go:579.46,580.36 1 1
github.com/lock14/collections/bitset/bitset.go:580.36,581.44 1 1
github.com/lock14/collections/bitset/bitset.go:581.44,583.15 2 1
github.com/lock14/collections/bitset/bitset.go:583.15,586.33 3 1
github.com/lock14/collections/bitset/bitset.go:586.33,588.6 1 1
github.com/lock14/collections/bitset/bitset.go:589.5,589.21 1 1
github.com/lock14/collections/bitset/bitset.go:595.50,596.36 1 1
github.com/lock14/collections/bitset/bitset.go:596.36,597.15 1 1
github.com/lock14/collections/bitset/bitset.go:597.15,599.4 1 0
github.com/lock14/collections/bitset/bitset.go:600.3,601.30 2 1
github.com/lock14/collections/bitset/bitset.go:601.30,603.4 1 0
github.com/lock14/collections/bitset/bitset.go:605.3,606.14 2 1
github.com/lock14/collections/bitset/bitset.go:606.14,608.35 2 1
github.com/lock14/collections/bitset/bitset.go:608.35,610.5 1 0
github.com/lock14/collections/bitset/bitset.go:611.4,611.14 1 1
github.com/lock14/collections/bitset/bitset.go:614.3,614.47 1 1
github.com/lock14/collections/bitset/bitset.go:614.47,616.15 2 0
github.com/lock14/collections/bitset/bitset.go:616.15,618.32 2 0
github.com/lock14/collections/bitset/bitset.go:618.32,620.6 1 0
github.com/lock14/collections/bitset/bitset.go:621.5,621.15 1 0
github.com/lock14/collections/bitset/bitset.go:627.46,628.36 1 1
github.com/lock14/collections/bitset/bitset.go:628.36,629.14 1 1
github.com/lock14/collections/bitset/bitset.go:629.14,631.4 1 0
github.com/lock14/collections/bitset/bitset.go:632.3,634.56 2 1
github.com/lock14/collections/bitset/bitset.go:634.56,636.21 2 1
github.com/lock14/collections/bitset/bitset.go:636.21,637.22 1 1
github.com/lock14/collections/bitset/bitset.go:637.22,639.6 1 0
github.com/lock14/collections/bitset/bitset.go:640.5,640.29 1 1
github.com/lock14/collections/bitset/bitset.go:642.4,642.15 1 1
github.com/lock14/collections/bitset/bitset.go:642.15,644.32 2 1
github.com/lock14/collections/bitset/bitset.go:644.32,646.6 1 0
github.com/lock14/collections/bitset/bitset.go:647.5,647.15 1 1
github.com/lock14/collections/bitset/bitset.go:653.57,654.36 1 1
github.com/lock14/collections/bitset/bitset.go:654.36,655.28 1 1
github.com/lock14/collections/bitset/bitset.go:655.28,657.4 1 0
github.com/lock14/collections/bitset/bitset.go:658.3,658.15 1 1
github.com/lock14/collections/bitset/bitset.go:658.15,660.4 1 0
github.com/lock14/collections/bitset/bitset.go:661.3,662.30 2 1
github.com/lock14/collections/bitset/bitset.go:662.30,664.4 1 0
github.com/lock14/collections/bitset/bitset.go:665.3,667.60 2 1
github.com/lock14/collections/bitset/bitset.go:667.60,669.18 2 1
github.com/lock14/collections/bitset/bitset.go:669.18,671.5 1 1
github.com/lock14/collections/bitset/bitset.go:672.4,672.21 1 1
github.com/lock14/collections/bitset/bitset.go:672.21,673.22 1 1
github.com/lock14/collections/bitset/bitset.go:673.22,675.6 1 0
github.com/lock14/collections/bitset/bitset.go:676.5,676.29 1 1
github.com/lock14/collections/bitset/bitset.go:678.4,678.15 1 1
github.com/lock14/collections/bitset/bitset.go:678.15,680.32 2 1
github.com/lock14/collections/bitset/bitset.go:680.32,682.6 1 1
github.com/lock14/collections/bitset/bitset.go:683.5,683.15 1 1
